23
IMPOSIBLE
18
18
16
26
IMPOSIBLE
22
IMPOSIBLE
IMPOSIBLE
17
IMPOSIBLE
IMPOSIBLE
19
18
IMPOSIBLE
21
22
16
IMPOSIBLE
IMPOSIBLE
16
20
IMPOSIBLE
IMPOSIBLE
IMPOSIBLE
IMPOSIBLE
IMPOSIBLE
20
18
23
IMPOSIBLE
IMPOSIBLE
IMPOSIBLE
16
17
18
14
IMPOSIBLE
16
18
IMPOSIBLE
IMPOSIBLE
14
20
15
IMPOSIBLE
IMPOSIBLE
26
IMPOSIBLE
IMPOSIBLE
21
20
16
IMPOSIBLE
19
IMPOSIBLE
IMPOSIBLE
22
19
IMPOSIBLE
20
IMPOSIBLE
IMPOSIBLE
IMPOSIBLE
IMPOSIBLE
IMPOSIBLE
IMPOSIBLE
IMPOSIBLE
21
IMPOSIBLE
IMPOSIBLE
IMPOSIBLE
IMPOSIBLE
IMPOSIBLE
26
IMPOSIBLE
19
14
21
IMPOSIBLE
20
21
IMPOSIBLE
16
16
19
IMPOSIBLE
IMPOSIBLE
12
IMPOSIBLE
IMPOSIBLE
18
IMPOSIBLE
19
IMPOSIBLE
IMPOSIBLE
IMPOSIBLE
IMPOSIBLE
20